{
  "carriers": {
    "base": {
      "metadata": {
        "imageUrl": "Dhl_Ui::images\/logo-dhl-wide.svg"
      },
      "code": "base"
    },
    "dhlpaket": {
      "serviceOptions": {
        "parcelAnnouncement": {
          "label": "Parcel Announcement",
          "sortOrder": 10,
          "inputs": {
            "enabled": {
              "inputType": "checkbox",
              "label": "Enable DHL parcel notification",
              "tooltip": "Your e-mail address will be sent to DHL upon enabling, after which DHL will trigger a package announcement for your shipment. The e-mail address will exclusively be used for the announcement of this shipment.",
              "code": "enabled"
            }
          },
          "code": "parcelAnnouncement",
          "available": "dhlshippingsolutions\/dhlpaket\/additional_services\/services_group\/parcelannouncement"
        },
        "parcelstation": {
          "label": "Parcel station delivery: Delivery to a parcel station of your choice",
          "sortOrder": 20,
          "routes": [
            {
              "origin": "DE",
              "includeDestinations": [
                "DE",
                "AT"
              ]
            }
          ],
          "inputs": {
            "enabled": {
              "label": "Select parcel station",
              "labelVisible": false,
              "inputType": "checkbox",
              "code": "enabled"
            },
            "id": {
              "label": "Parcel Station ID",
              "labelVisible": true,
              "inputType": "select",
              "placeholder": "Please select a parcel station \u2026",
              "comment": {
                "content": "Select a nearby parcel shop. Your package will be sent there for you to pick up."
              },
              "validationRules": {
                "required-entry": {
                  "name": "required-entry"
                }
              },
              "code": "id"
            },
            "postNumber": {
              "label": "Post number",
              "labelVisible": true,
              "inputType": "text",
              "placeholder": "Post number",
              "validationRules": {
                "maxLength": {
                  "param": 10,
                  "name": "maxLength"
                },
                "validate-no-html-tags": {
                  "name": "validate-no-html-tags"
                },
                "dhl_filter_special_chars": {
                  "name": "dhl_filter_special_chars"
                },
                "required-entry": {
                  "name": "required-entry"
                }
              },
              "code": "postNumber"
            }
          },
          "code": "parcelstation",
          "available": "dhlshippingsolutions\/dhlpaket\/additional_services\/services_group\/parcelstation"
        },
        "preferredDay": {
          "label": "Preferred Day: Delivery on your preferred day",
          "sortOrder": 30,
          "routes": [
            {
              "includeDestinations": [
                "DE",
                "AT"
              ]
            }
          ],
          "inputs": {
            "date": {
              "label": "Preferred Day",
              "labelVisible": false,
              "inputType": "date",
              "comment": {
                "content": "This service will incur additional shipping costs of $1 including VAT.",
                "footnoteId": "footnote-combined-cost"
              },
              "tooltip": "Choose one of the displayed days as your preferred day for your parcel delivery. Other days are not possible due to delivery processes.",
              "options": {
                "none": {
                  "label": "none",
                  "id": "none"
                }
              },
              "code": "date"
            }
          },
          "code": "preferredDay",
          "available": "dhlshippingsolutions\/dhlpaket\/additional_services\/services_group\/preferredday"
        },
        "preferredTime": {
          "label": "Preferred Time: Delivery at your preferred time",
          "sortOrder": 40,
          "inputs": {
            "time": {
              "inputType": "time",
              "label": "Enable Preferred Time",
              "labelVisible": false,
              "comment": {
                "content": "This service will incur additional shipping costs of $1 including VAT.",
                "footnoteId": "footnote-combined-cost"
              },
              "tooltip": "Indicate a preferred time, which suits you best for your parcel delivery by choosing one of the displayed time windows.",
              "options": {
                "none": {
                  "label": "none",
                  "id": "none"
                }
              },
              "code": "time"
            }
          },
          "code": "preferredTime",
          "available": "dhlshippingsolutions\/dhlpaket\/additional_services\/services_group\/preferredtime"
        },
        "preferredLocation": {
          "label": "Preferred Location: Delivery to your preferred drop-off location",
          "sortOrder": 50,
          "routes": [
            {
              "includeDestinations": [
                "DE",
                "AT"
              ]
            }
          ],
          "inputs": {
            "details": {
              "sortOrder": 20,
              "label": "Preferred Location",
              "labelVisible": false,
              "inputType": "text",
              "tooltip": "Choose a weather-protected and non-visible place on your property where we can deposit the parcel in your absence.",
              "placeholder": "E.g. garage, terrace",
              "validationRules": {
                "maxLength": {
                  "param": 40,
                  "name": "maxLength"
                },
                "validate-no-html-tags": {
                  "name": "validate-no-html-tags"
                },
                "dhl_filter_special_chars": {
                  "name": "dhl_filter_special_chars"
                },
                "dhl_filter_packing_station": {
                  "name": "dhl_filter_packing_station"
                }
              },
              "code": "details"
            }
          },
          "code": "preferredLocation",
          "available": "dhlshippingsolutions\/dhlpaket\/additional_services\/services_group\/preferredlocation"
        },
        "preferredNeighbour": {
          "label": "Preferred Neighbour: Delivery to a neighbour of your choice",
          "sortOrder": 60,
          "routes": [
            {
              "includeDestinations": [
                "DE",
                "AT"
              ]
            }
          ],
          "inputs": {
            "name": {
              "sortOrder": 20,
              "label": "Neighbour name",
              "inputType": "text",
              "tooltip": "Declare a person in your immediate neighborhood whom we can hand out your parcel. This person should live in the same building, directly opposite or next door.",
              "placeholder": "First name, last name of neighbour",
              "validationRules": {
                "maxLength": {
                  "param": 40,
                  "name": "maxLength"
                },
                "validate-no-html-tags": {
                  "name": "validate-no-html-tags"
                },
                "dhl_filter_special_chars": {
                  "name": "dhl_filter_special_chars"
                },
                "dhl_filter_packing_station": {
                  "name": "dhl_filter_packing_station"
                }
              },
              "code": "name"
            },
            "address": {
              "sortOrder": 30,
              "label": "Neighbour address",
              "inputType": "text",
              "placeholder": "Street, number, postal code, city",
              "validationRules": {
                "maxLength": {
                  "param": 40,
                  "name": "maxLength"
                },
                "validate-no-html-tags": {
                  "name": "validate-no-html-tags"
                },
                "dhl_filter_special_chars": {
                  "name": "dhl_filter_special_chars"
                }
              },
              "code": "address"
            }
          },
          "code": "preferredNeighbour",
          "available": "dhlshippingsolutions\/dhlpaket\/additional_services\/services_group\/preferredneighbour"
        }
      },
      "metadata": {
        "title": "DHL Preferred Delivery. Delivered just the way you want.",
        "commentsBefore": [
          {
            "content": "You decide when and where you want to receive your parcels with the recipient services of DHL."
          },
          {
            "content": "Please choose your preferred delivery options."
          }
        ],
        "footnotes": {
          "footnote-combined-cost": {
            "content": "For a combined booking of preferred day and preferred time, the shipping costs are a total of $1 including VAT.",
            "subjects": [
              "preferredTime",
              "preferredDay"
            ],
            "subjectsMustBeAvailable": true,
            "subjectsMustBeSelected": true,
            "id": "footnote-combined-cost"
          }
        }
      },
      "compatibilityData": {
        "preferredLocationAndNeighbourExclusion": {
          "triggerValue": "*",
          "action": "disable",
          "masters": [
            "preferredLocation"
          ],
          "subjects": [
            "preferredNeighbour"
          ],
          "errorMessage": "Please choose only one of %1.",
          "id": "preferredLocationAndNeighbourExclusion"
        },
        "preferredLocationAndNeighbourExclusion2": {
          "triggerValue": "*",
          "action": "disable",
          "masters": [
            "preferredNeighbour"
          ],
          "subjects": [
            "preferredLocation"
          ],
          "errorMessage": "Please choose only one of %1.",
          "id": "preferredLocationAndNeighbourExclusion2"
        },
        "preferredNeighbourRequireChildren": {
          "triggerValue": "*",
          "action": "require",
          "subjects": [
            "preferredNeighbour.name",
            "preferredNeighbour.address"
          ],
          "errorMessage": "Some values for Preferred Neighbour service are missing.",
          "id": "preferredNeighbourRequireChildren"
        },
        "parcelstationShowMore": {
          "triggerValue": true,
          "action": "show",
          "masters": [
            "parcelstation.enabled"
          ],
          "subjects": [
            "parcelstation.id",
            "parcelstation.postNumber"
          ],
          "id": "parcelstationShowMore"
        },
        "parcelstationRequireChildren": {
          "triggerValue": true,
          "action": "require",
          "masters": [
            "parcelstation.enabled"
          ],
          "subjects": [
            "parcelstation.id",
            "parcelstation.postNumber"
          ],
          "id": "parcelstationRequireChildren"
        },
        "parcelstationExcludeAllOthers": {
          "masters": [
            "parcelstation.enabled"
          ],
          "subjects": [
            "preferredDay",
            "preferredTime",
            "preferredLocation",
            "preferredNeighbour",
            "parcelOutletRouting"
          ],
          "triggerValue": true,
          "action": "hide",
          "id": "parcelstationExcludeAllOthers"
        },
        "allOthersExcludeParcelstation": {
          "masters": [
            "preferredDay",
            "preferredTime",
            "preferredLocation",
            "preferredNeighbour",
            "parcelOutletRouting"
          ],
          "subjects": [
            "parcelstation.enabled"
          ],
          "triggerValue": "*",
          "action": "hide",
          "id": "allOthersExcludeParcelstation"
        }
      },
      "code": "dhlpaket"
    }
  }
}
